// Jest Snapshot v1, https://goo.gl/fbAQLP

exports[`Index page should render the component 1`] = `
<div>
  <Header />
  <Content />
</div>
`;
